%eval_id interface x0             x1             x0             x1             
1        INTERFACE  0.1061623875   0.06907974939  0.1061623875   0.06907974939  
2        INTERFACE  0.05718197938  0.03021853491  0.05718197938  0.03021853491  
